// Jest Snapshot v1, https://goo.gl/fbAQLP

exports[`Film correctly renders after relaunch 1`] = `
<div>
  <p>
    test
  </p>
  <button
    onClick={[MockFunction]}
  >
    View Info
  </button>
</div>
`;
